// Jest Snapshot v1, https://goo.gl/fbAQLP

exports[`Stores the internal structure of the imported schedule stores the course structure 1`] = `
Array [
  Object {
    "courseLevel": "",
    "department": "",
    "group": "",
    "importRank": 0,
    "name": "",
    "number": "",
    "prefixes": Array [],
    "sections": Array [
      Object {
        "anticipatedSize": null,
        "comments": "",
        "day10Used": null,
        "deliveryMode": "",
        "facultyHours": 4,
        "instructionalMethod": "Kuiper Seminar",
        "instructors": Array [
          "Eric Araujo",
        ],
        "letter": "",
        "maxStudentHours": null,
        "meetings": Array [],
        "semesterLength": "Full",
        "studentHours": 0,
        "term": "FA",
        "year": "",
      },
      Object {
        "anticipatedSize": null,
        "comments": "",
        "day10Used": null,
        "deliveryMode": "",
        "facultyHours": 4,
        "instructionalMethod": "CRF",
        "instructors": Array [
          "Fernando Pasquini Santos",
        ],
        "letter": "",
        "maxStudentHours": null,
        "meetings": Array [],
        "semesterLength": "Full",
        "studentHours": 0,
        "term": "FA",
        "year": "",
      },
      Object {
        "anticipatedSize": null,
        "comments": "",
        "day10Used": null,
        "deliveryMode": "",
        "facultyHours": 2,
        "instructionalMethod": "2 CS 396/8 projects",
        "instructors": Array [
          "Derek C Schuurman",
        ],
        "letter": "",
        "maxStudentHours": null,
        "meetings": Array [],
        "semesterLength": "Full",
        "studentHours": 0,
        "term": "FA",
        "year": "",
      },
      Object {
        "anticipatedSize": null,
        "comments": "",
        "day10Used": null,
        "deliveryMode": "",
        "facultyHours": 2,
        "instructionalMethod": "2 CS 396/398 projects",
        "instructors": Array [
          "Kenneth C Arnold",
        ],
        "letter": "",
        "maxStudentHours": null,
        "meetings": Array [],
        "semesterLength": "Full",
        "studentHours": 0,
        "term": "FA",
        "year": "",
      },
      Object {
        "anticipatedSize": null,
        "comments": "",
        "day10Used": null,
        "deliveryMode": "",
        "facultyHours": 8,
        "instructionalMethod": "Legacy CRF",
        "instructors": Array [
          "Derek C Schuurman",
        ],
        "letter": "",
        "maxStudentHours": null,
        "meetings": Array [],
        "semesterLength": "Full",
        "studentHours": 0,
        "term": "FA",
        "year": "",
      },
      Object {
        "anticipatedSize": null,
        "comments": "",
        "day10Used": null,
        "deliveryMode": "",
        "facultyHours": 2,
        "instructionalMethod": "2 CS 396/8 projects",
        "instructors": Array [
          "Harry Plantinga",
        ],
        "letter": "",
        "maxStudentHours": null,
        "meetings": Array [],
        "semesterLength": "Full",
        "studentHours": 0,
        "term": "FA",
        "year": "",
      },
      Object {
        "anticipatedSize": null,
        "comments": "",
        "day10Used": null,
        "deliveryMode": "",
        "facultyHours": 2,
        "instructionalMethod": "2 CS 396/8 projects",
        "instructors": Array [
          "Keith VanderLinden",
        ],
        "letter": "",
        "maxStudentHours": null,
        "meetings": Array [],
        "semesterLength": "Full",
        "studentHours": 0,
        "term": "FA",
        "year": "",
      },
      Object {
        "anticipatedSize": null,
        "comments": "",
        "day10Used": null,
        "deliveryMode": "",
        "facultyHours": 12,
        "instructionalMethod": "CCEL",
        "instructors": Array [
          "Harry Plantinga",
        ],
        "letter": "",
        "maxStudentHours": null,
        "meetings": Array [],
        "semesterLength": "Full",
        "studentHours": 0,
        "term": "FA",
        "year": "",
      },
      Object {
        "anticipatedSize": null,
        "comments": "",
        "day10Used": null,
        "deliveryMode": "",
        "facultyHours": 2,
        "instructionalMethod": "2 CS 396/8 projects",
        "instructors": Array [
          "Eric Araujo",
        ],
        "letter": "",
        "maxStudentHours": null,
        "meetings": Array [],
        "semesterLength": "Full",
        "studentHours": 0,
        "term": "FA",
        "year": "",
      },
      Object {
        "anticipatedSize": null,
        "comments": "",
        "day10Used": null,
        "deliveryMode": "",
        "facultyHours": 2,
        "instructionalMethod": "2 CS 396/8 projects",
        "instructors": Array [
          "Rocky Chang",
        ],
        "letter": "",
        "maxStudentHours": null,
        "meetings": Array [],
        "semesterLength": "Full",
        "studentHours": 0,
        "term": "FA",
        "year": "",
      },
      Object {
        "anticipatedSize": null,
        "comments": "",
        "day10Used": null,
        "deliveryMode": "",
        "facultyHours": 2,
        "instructionalMethod": "Chair",
        "instructors": Array [
          "Keith VanderLinden",
        ],
        "letter": "",
        "maxStudentHours": null,
        "meetings": Array [],
        "semesterLength": "Full",
        "studentHours": 0,
        "term": "FA",
        "year": "",
      },
      Object {
        "anticipatedSize": null,
        "comments": "",
        "day10Used": null,
        "deliveryMode": "",
        "facultyHours": 5,
        "instructionalMethod": "NSF",
        "instructors": Array [
          "Kenneth C Arnold",
        ],
        "letter": "",
        "maxStudentHours": null,
        "meetings": Array [],
        "semesterLength": "Full",
        "studentHours": 0,
        "term": "FA",
        "year": "",
      },
      Object {
        "anticipatedSize": null,
        "comments": "",
        "day10Used": null,
        "deliveryMode": "",
        "facultyHours": 2,
        "instructionalMethod": "2 CS 396/8 projects",
        "instructors": Array [
          "Fernando Pasquini Santos",
        ],
        "letter": "",
        "maxStudentHours": null,
        "meetings": Array [],
        "semesterLength": "Full",
        "studentHours": 0,
        "term": "FA",
        "year": "",
      },
      Object {
        "anticipatedSize": null,
        "comments": "",
        "day10Used": null,
        "deliveryMode": "",
        "facultyHours": 2,
        "instructionalMethod": "2 Senior Project Teams",
        "instructors": Array [
          "Victor T. Norman",
        ],
        "letter": "",
        "maxStudentHours": null,
        "meetings": Array [],
        "semesterLength": "Full",
        "studentHours": 0,
        "term": "SP",
        "year": "",
      },
      Object {
        "anticipatedSize": null,
        "comments": "",
        "day10Used": null,
        "deliveryMode": "",
        "facultyHours": 4,
        "instructionalMethod": "CRF",
        "instructors": Array [
          "Rocky Chang",
        ],
        "letter": "",
        "maxStudentHours": null,
        "meetings": Array [],
        "semesterLength": "Full",
        "studentHours": 0,
        "term": "SP",
        "year": "",
      },
      Object {
        "anticipatedSize": null,
        "comments": "",
        "day10Used": null,
        "deliveryMode": "",
        "facultyHours": 4,
        "instructionalMethod": "Chair",
        "instructors": Array [
          "Derek C Schuurman",
        ],
        "letter": "",
        "maxStudentHours": null,
        "meetings": Array [],
        "semesterLength": "Full",
        "studentHours": 0,
        "term": "SP",
        "year": "",
      },
      Object {
        "anticipatedSize": null,
        "comments": "",
        "day10Used": null,
        "deliveryMode": "",
        "facultyHours": 4,
        "instructionalMethod": "CCCS CRF",
        "instructors": Array [
          "Fernando Pasquini Santos",
        ],
        "letter": "",
        "maxStudentHours": null,
        "meetings": Array [],
        "semesterLength": "Full",
        "studentHours": 0,
        "term": Array [],
        "year": "",
      },
    ],
  },
  Object {
    "courseLevel": "",
    "department": "Computer Science",
    "group": "",
    "importRank": 0,
    "name": "",
    "number": "*",
    "prefixes": Array [
      "*",
    ],
    "sections": Array [
      Object {
        "anticipatedSize": null,
        "comments": "",
        "day10Used": null,
        "deliveryMode": "",
        "facultyHours": 0,
        "instructionalMethod": "LEC",
        "instructors": Array [
          "*",
        ],
        "letter": "*",
        "maxStudentHours": null,
        "meetings": Array [
          Object {
            "days": Array [
              "M",
              "T",
              "W",
              "TH",
              "F",
            ],
            "duration": 135,
            "location": Object {
              "building": "*",
              "roomNumber": "",
            },
            "startTime": "4:00 PM",
          },
          Object {
            "days": Array [
              "M",
              "W",
              "F",
            ],
            "duration": 20,
            "location": Object {
              "building": "*",
              "roomNumber": "",
            },
            "startTime": "10:30 AM",
          },
          Object {
            "days": Array [
              "T",
              "TH",
            ],
            "duration": 20,
            "location": Object {
              "building": "*",
              "roomNumber": "",
            },
            "startTime": "9:50 AM",
          },
        ],
        "semesterLength": "Full",
        "studentHours": 0,
        "term": "FA",
        "year": "",
      },
      Object {
        "anticipatedSize": null,
        "comments": "",
        "day10Used": null,
        "deliveryMode": "",
        "facultyHours": 0,
        "instructionalMethod": "LEC",
        "instructors": Array [
          "*",
        ],
        "letter": "*",
        "maxStudentHours": null,
        "meetings": Array [
          Object {
            "days": Array [
              "M",
              "T",
              "W",
              "TH",
              "F",
            ],
            "duration": 135,
            "location": Object {
              "building": "*",
              "roomNumber": "",
            },
            "startTime": "4:00 PM",
          },
          Object {
            "days": Array [
              "M",
              "W",
              "F",
            ],
            "duration": 20,
            "location": Object {
              "building": "*",
              "roomNumber": "",
            },
            "startTime": "10:30 AM",
          },
          Object {
            "days": Array [
              "T",
              "TH",
            ],
            "duration": 20,
            "location": Object {
              "building": "*",
              "roomNumber": "",
            },
            "startTime": "9:50 AM",
          },
        ],
        "semesterLength": "Full",
        "studentHours": 0,
        "term": "SP",
        "year": "",
      },
    ],
  },
  Object {
    "courseLevel": "100",
    "department": "Computer Science",
    "group": "",
    "importRank": 0,
    "name": "Creating Interactive Web Media",
    "number": "100",
    "prefixes": Array [
      "CS",
    ],
    "sections": Array [
      Object {
        "anticipatedSize": null,
        "comments": "",
        "day10Used": null,
        "deliveryMode": "",
        "facultyHours": 4,
        "instructionalMethod": "LEC",
        "instructors": Array [
          "David Meyer",
        ],
        "letter": "A",
        "maxStudentHours": null,
        "meetings": Array [
          Object {
            "days": Array [
              "T",
              "TH",
            ],
            "duration": 100,
            "location": Object {
              "building": "SB",
              "roomNumber": "354",
            },
            "startTime": "10:20 AM",
          },
        ],
        "semesterLength": "Full",
        "studentHours": 4,
        "term": "FA",
        "year": "",
      },
    ],
  },
  Object {
    "courseLevel": "100",
    "department": "Computer Science",
    "group": "",
    "importRank": 0,
    "name": "Applied Computing",
    "number": "104",
    "prefixes": Array [
      "CS",
    ],
    "sections": Array [
      Object {
        "anticipatedSize": null,
        "comments": "",
        "day10Used": null,
        "deliveryMode": "",
        "facultyHours": 2,
        "instructionalMethod": "",
        "instructors": Array [
          "Keith VanderLinden",
        ],
        "letter": "A",
        "maxStudentHours": null,
        "meetings": Array [
          Object {
            "days": Array [
              "M",
              "W",
              "F",
            ],
            "duration": 65,
            "location": Object {
              "building": "SB",
              "roomNumber": "372",
            },
            "startTime": "12:15 PM",
          },
        ],
        "semesterLength": "First",
        "studentHours": 1,
        "term": "FA",
        "year": "",
      },
      Object {
        "anticipatedSize": null,
        "comments": "",
        "day10Used": null,
        "deliveryMode": "",
        "facultyHours": 2,
        "instructionalMethod": "",
        "instructors": Array [
          "Keith VanderLinden",
        ],
        "letter": "B",
        "maxStudentHours": null,
        "meetings": Array [
          Object {
            "days": Array [
              "M",
              "W",
              "F",
            ],
            "duration": 65,
            "location": Object {
              "building": "SB",
              "roomNumber": "372",
            },
            "startTime": "12:15 PM",
          },
        ],
        "semesterLength": "Second",
        "studentHours": 1,
        "term": "FA",
        "year": "",
      },
    ],
  },
  Object {
    "courseLevel": "100",
    "department": "Computer Science",
    "group": "",
    "importRank": 0,
    "name": "Applied Computing",
    "number": "104L",
    "prefixes": Array [
      "CS",
    ],
    "sections": Array [
      Object {
        "anticipatedSize": null,
        "comments": "",
        "day10Used": null,
        "deliveryMode": "",
        "facultyHours": 0.5,
        "instructionalMethod": "",
        "instructors": Array [
          "Christopher Wieringa",
        ],
        "letter": "A",
        "maxStudentHours": null,
        "meetings": Array [
          Object {
            "days": Array [
              "T",
            ],
            "duration": 100,
            "location": Object {
              "building": "SB",
              "roomNumber": "372",
            },
            "startTime": "12:15 PM",
          },
        ],
        "semesterLength": "First",
        "studentHours": 1,
        "term": "FA",
        "year": "",
      },
      Object {
        "anticipatedSize": null,
        "comments": "",
        "day10Used": null,
        "deliveryMode": "",
        "facultyHours": 0.5,
        "instructionalMethod": "",
        "instructors": Array [
          "Fernando Pasquini Santos",
        ],
        "letter": "B",
        "maxStudentHours": null,
        "meetings": Array [
          Object {
            "days": Array [
              "T",
            ],
            "duration": 100,
            "location": Object {
              "building": "SB",
              "roomNumber": "372",
            },
            "startTime": "2:10 PM",
          },
        ],
        "semesterLength": "First",
        "studentHours": 1,
        "term": "FA",
        "year": "",
      },
      Object {
        "anticipatedSize": null,
        "comments": "",
        "day10Used": null,
        "deliveryMode": "",
        "facultyHours": 0.5,
        "instructionalMethod": "",
        "instructors": Array [
          "Christopher Wieringa",
        ],
        "letter": "C",
        "maxStudentHours": null,
        "meetings": Array [
          Object {
            "days": Array [
              "T",
            ],
            "duration": 100,
            "location": Object {
              "building": "SB",
              "roomNumber": "372",
            },
            "startTime": "12:15 PM",
          },
        ],
        "semesterLength": "Second",
        "studentHours": 1,
        "term": "FA",
        "year": "",
      },
      Object {
        "anticipatedSize": null,
        "comments": "",
        "day10Used": null,
        "deliveryMode": "",
        "facultyHours": 0.5,
        "instructionalMethod": "",
        "instructors": Array [
          "Fernando Pasquini Santos",
        ],
        "letter": "D",
        "maxStudentHours": null,
        "meetings": Array [
          Object {
            "days": Array [
              "T",
            ],
            "duration": 100,
            "location": Object {
              "building": "SB",
              "roomNumber": "372",
            },
            "startTime": "2:10 PM",
          },
        ],
        "semesterLength": "Second",
        "studentHours": 1,
        "term": "FA",
        "year": "",
      },
    ],
  },
  Object {
    "courseLevel": "100",
    "department": "Computer Science",
    "group": "",
    "importRank": 0,
    "name": "Intro to Computing",
    "number": "106",
    "prefixes": Array [
      "CS",
    ],
    "sections": Array [
      Object {
        "anticipatedSize": null,
        "comments": "",
        "day10Used": null,
        "deliveryMode": "",
        "facultyHours": 4,
        "instructionalMethod": "",
        "instructors": Array [
          "Kenneth C Arnold",
        ],
        "letter": "A",
        "maxStudentHours": null,
        "meetings": Array [
          Object {
            "days": Array [
              "M",
              "W",
              "F",
            ],
            "duration": 65,
            "location": Object {
              "building": "SB",
              "roomNumber": "372",
            },
            "startTime": "2:45 PM",
          },
        ],
        "semesterLength": "Full",
        "studentHours": 3,
        "term": "FA",
        "year": "",
      },
    ],
  },
  Object {
    "courseLevel": "100",
    "department": "Computer Science",
    "group": "",
    "importRank": 0,
    "name": "Intro to Computing Lab",
    "number": "106L",
    "prefixes": Array [
      "CS",
    ],
    "sections": Array [
      Object {
        "anticipatedSize": null,
        "comments": "",
        "day10Used": null,
        "deliveryMode": "",
        "facultyHours": 1,
        "instructionalMethod": "",
        "instructors": Array [
          "Kenneth C Arnold",
        ],
        "letter": "A",
        "maxStudentHours": null,
        "meetings": Array [
          Object {
            "days": Array [
              "TH",
            ],
            "duration": 100,
            "location": Object {
              "building": "SB",
              "roomNumber": "372",
            },
            "startTime": "10:20 AM",
          },
        ],
        "semesterLength": "Full",
        "studentHours": 1,
        "term": "FA",
        "year": "",
      },
    ],
  },
  Object {
    "courseLevel": "100",
    "department": "Computer Science",
    "group": "",
    "importRank": 0,
    "name": "Intro to Computing",
    "number": "108",
    "prefixes": Array [
      "CS",
    ],
    "sections": Array [
      Object {
        "anticipatedSize": null,
        "comments": "",
        "day10Used": null,
        "deliveryMode": "",
        "facultyHours": 4,
        "instructionalMethod": "",
        "instructors": Array [
          "Rocky Chang",
        ],
        "letter": "A",
        "maxStudentHours": null,
        "meetings": Array [
          Object {
            "days": Array [
              "M",
              "W",
              "F",
            ],
            "duration": 65,
            "location": Object {
              "building": "SB",
              "roomNumber": "372",
            },
            "startTime": "11:00 AM",
          },
        ],
        "semesterLength": "Full",
        "studentHours": 3,
        "term": "FA",
        "year": "",
      },
      Object {
        "anticipatedSize": null,
        "comments": "",
        "day10Used": null,
        "deliveryMode": "",
        "facultyHours": 4,
        "instructionalMethod": "",
        "instructors": Array [
          "Kenneth C Arnold",
        ],
        "letter": "A",
        "maxStudentHours": null,
        "meetings": Array [
          Object {
            "days": Array [
              "M",
              "W",
              "F",
            ],
            "duration": 65,
            "location": Object {
              "building": "SB",
              "roomNumber": "382",
            },
            "startTime": "1:30 PM",
          },
        ],
        "semesterLength": "Full",
        "studentHours": 3,
        "term": "SP",
        "year": "",
      },
      Object {
        "anticipatedSize": null,
        "comments": "",
        "day10Used": null,
        "deliveryMode": "",
        "facultyHours": 4,
        "instructionalMethod": "",
        "instructors": Array [
          "Rocky Chang",
        ],
        "letter": "B",
        "maxStudentHours": null,
        "meetings": Array [
          Object {
            "days": Array [
              "M",
              "W",
              "F",
            ],
            "duration": 65,
            "location": Object {
              "building": "SB",
              "roomNumber": "372",
            },
            "startTime": "1:30 PM",
          },
        ],
        "semesterLength": "Full",
        "studentHours": 3,
        "term": "FA",
        "year": "",
      },
      Object {
        "anticipatedSize": null,
        "comments": "",
        "day10Used": null,
        "deliveryMode": "",
        "facultyHours": 4,
        "instructionalMethod": "",
        "instructors": Array [
          "Fernando Pasquini Santos",
        ],
        "letter": "B",
        "maxStudentHours": null,
        "meetings": Array [
          Object {
            "days": Array [
              "M",
              "W",
              "F",
            ],
            "duration": 65,
            "location": Object {
              "building": "SB",
              "roomNumber": "382",
            },
            "startTime": "2:45 PM",
          },
        ],
        "semesterLength": "Full",
        "studentHours": 3,
        "term": "SP",
        "year": "",
      },
    ],
  },
  Object {
    "courseLevel": "100",
    "department": "Computer Science",
    "group": "",
    "importRank": 0,
    "name": "Intro to Computing Lab",
    "number": "108L",
    "prefixes": Array [
      "CS",
    ],
    "sections": Array [
      Object {
        "anticipatedSize": null,
        "comments": "",
        "day10Used": null,
        "deliveryMode": "",
        "facultyHours": 1,
        "instructionalMethod": "",
        "instructors": Array [
          "Rocky Chang",
        ],
        "letter": "A",
        "maxStudentHours": null,
        "meetings": Array [
          Object {
            "days": Array [
              "TH",
            ],
            "duration": 100,
            "location": Object {
              "building": "SB",
              "roomNumber": "372",
            },
            "startTime": "8:00 AM",
          },
        ],
        "semesterLength": "Full",
        "studentHours": 1,
        "term": "FA",
        "year": "",
      },
      Object {
        "anticipatedSize": null,
        "comments": "",
        "day10Used": null,
        "deliveryMode": "",
        "facultyHours": 1,
        "instructionalMethod": "",
        "instructors": Array [
          "Kenneth C Arnold",
        ],
        "letter": "A",
        "maxStudentHours": null,
        "meetings": Array [
          Object {
            "days": Array [
              "TH",
            ],
            "duration": 100,
            "location": Object {
              "building": "SB",
              "roomNumber": "372",
            },
            "startTime": "8:00 AM",
          },
        ],
        "semesterLength": "Full",
        "studentHours": 1,
        "term": "SP",
        "year": "",
      },
      Object {
        "anticipatedSize": null,
        "comments": "",
        "day10Used": null,
        "deliveryMode": "",
        "facultyHours": 1,
        "instructionalMethod": "",
        "instructors": Array [
          "Rocky Chang",
        ],
        "letter": "B",
        "maxStudentHours": null,
        "meetings": Array [
          Object {
            "days": Array [
              "TH",
            ],
            "duration": 100,
            "location": Object {
              "building": "SB",
              "roomNumber": "372",
            },
            "startTime": "12:15 PM",
          },
        ],
        "semesterLength": "Full",
        "studentHours": 1,
        "term": "FA",
        "year": "",
      },
      Object {
        "anticipatedSize": null,
        "comments": "",
        "day10Used": null,
        "deliveryMode": "",
        "facultyHours": 1,
        "instructionalMethod": "",
        "instructors": Array [
          "Fernando Pasquini Santos",
        ],
        "letter": "B",
        "maxStudentHours": null,
        "meetings": Array [
          Object {
            "days": Array [
              "TH",
            ],
            "duration": 100,
            "location": Object {
              "building": "SB",
              "roomNumber": "372",
            },
            "startTime": "10:20 AM",
          },
        ],
        "semesterLength": "Full",
        "studentHours": 1,
        "term": "SP",
        "year": "",
      },
    ],
  },
  Object {
    "courseLevel": "100",
    "department": "Computer Science",
    "group": "",
    "importRank": 0,
    "name": "Intro to Data Structures",
    "number": "112",
    "prefixes": Array [
      "CS",
    ],
    "sections": Array [
      Object {
        "anticipatedSize": null,
        "comments": "",
        "day10Used": null,
        "deliveryMode": "",
        "facultyHours": 4,
        "instructionalMethod": "",
        "instructors": Array [
          "Eric Araujo",
        ],
        "letter": "A",
        "maxStudentHours": null,
        "meetings": Array [
          Object {
            "days": Array [
              "M",
              "W",
              "F",
            ],
            "duration": 65,
            "location": Object {
              "building": "SB",
              "roomNumber": "382",
            },
            "startTime": "12:15 PM",
          },
        ],
        "semesterLength": "Full",
        "studentHours": 3,
        "term": "FA",
        "year": "",
      },
      Object {
        "anticipatedSize": null,
        "comments": "",
        "day10Used": null,
        "deliveryMode": "",
        "facultyHours": 4,
        "instructionalMethod": "",
        "instructors": Array [
          "Victor T. Norman",
        ],
        "letter": "A",
        "maxStudentHours": null,
        "meetings": Array [
          Object {
            "days": Array [
              "M",
              "W",
              "F",
            ],
            "duration": 65,
            "location": Object {
              "building": "SB",
              "roomNumber": "372",
            },
            "startTime": "11:00 AM",
          },
        ],
        "semesterLength": "Full",
        "studentHours": 3,
        "term": "SP",
        "year": "",
      },
      Object {
        "anticipatedSize": null,
        "comments": "",
        "day10Used": null,
        "deliveryMode": "",
        "facultyHours": 4,
        "instructionalMethod": "",
        "instructors": Array [
          "Eric Araujo",
        ],
        "letter": "B",
        "maxStudentHours": null,
        "meetings": Array [
          Object {
            "days": Array [
              "M",
              "W",
              "F",
            ],
            "duration": 65,
            "location": Object {
              "building": "SB",
              "roomNumber": "382",
            },
            "startTime": "1:30 PM",
          },
        ],
        "semesterLength": "Full",
        "studentHours": 3,
        "term": "FA",
        "year": "",
      },
      Object {
        "anticipatedSize": null,
        "comments": "",
        "day10Used": null,
        "deliveryMode": "",
        "facultyHours": 4,
        "instructionalMethod": "",
        "instructors": Array [
          "Victor T. Norman",
        ],
        "letter": "B",
        "maxStudentHours": null,
        "meetings": Array [
          Object {
            "days": Array [
              "M",
              "W",
              "F",
            ],
            "duration": 65,
            "location": Object {
              "building": "SB",
              "roomNumber": "372",
            },
            "startTime": "12:15 PM",
          },
        ],
        "semesterLength": "Full",
        "studentHours": 3,
        "term": "SP",
        "year": "",
      },
    ],
  },
  Object {
    "courseLevel": "100",
    "department": "Computer Science",
    "group": "",
    "importRank": 0,
    "name": "Intro to Data Structures Lab",
    "number": "112L",
    "prefixes": Array [
      "CS",
    ],
    "sections": Array [
      Object {
        "anticipatedSize": null,
        "comments": "",
        "day10Used": null,
        "deliveryMode": "",
        "facultyHours": 1,
        "instructionalMethod": "",
        "instructors": Array [
          "Christopher Wieringa",
        ],
        "letter": "A",
        "maxStudentHours": null,
        "meetings": Array [
          Object {
            "days": Array [
              "T",
            ],
            "duration": 100,
            "location": Object {
              "building": "SB",
              "roomNumber": "372",
            },
            "startTime": "8:00 AM",
          },
        ],
        "semesterLength": "Full",
        "studentHours": 1,
        "term": "FA",
        "year": "",
      },
      Object {
        "anticipatedSize": null,
        "comments": "",
        "day10Used": null,
        "deliveryMode": "",
        "facultyHours": 1,
        "instructionalMethod": "",
        "instructors": Array [
          "Eric Araujo",
        ],
        "letter": "A",
        "maxStudentHours": null,
        "meetings": Array [
          Object {
            "days": Array [
              "T",
            ],
            "duration": 100,
            "location": Object {
              "building": "SB",
              "roomNumber": "372",
            },
            "startTime": "8:00 AM",
          },
        ],
        "semesterLength": "Full",
        "studentHours": 1,
        "term": "SP",
        "year": "",
      },
      Object {
        "anticipatedSize": null,
        "comments": "",
        "day10Used": null,
        "deliveryMode": "",
        "facultyHours": 1,
        "instructionalMethod": "",
        "instructors": Array [
          "Christopher Wieringa",
        ],
        "letter": "B",
        "maxStudentHours": null,
        "meetings": Array [
          Object {
            "days": Array [
              "T",
            ],
            "duration": 100,
            "location": Object {
              "building": "SB",
              "roomNumber": "372",
            },
            "startTime": "10:20 AM",
          },
        ],
        "semesterLength": "Full",
        "studentHours": 1,
        "term": "FA",
        "year": "",
      },
      Object {
        "anticipatedSize": null,
        "comments": "",
        "day10Used": null,
        "deliveryMode": "",
        "facultyHours": 1,
        "instructionalMethod": "",
        "instructors": Array [
          "Eric Araujo",
        ],
        "letter": "B",
        "maxStudentHours": null,
        "meetings": Array [
          Object {
            "days": Array [
              "T",
            ],
            "duration": 100,
            "location": Object {
              "building": "SB",
              "roomNumber": "372",
            },
            "startTime": "10:20 AM",
          },
        ],
        "semesterLength": "Full",
        "studentHours": 1,
        "term": "SP",
        "year": "",
      },
    ],
  },
  Object {
    "courseLevel": "100",
    "department": "Computer Science",
    "group": "",
    "importRank": 0,
    "name": "Intro Computing Seminar",
    "number": "195",
    "prefixes": Array [
      "CS",
    ],
    "sections": Array [
      Object {
        "anticipatedSize": null,
        "comments": "",
        "day10Used": null,
        "deliveryMode": "",
        "facultyHours": 0.5,
        "instructionalMethod": "",
        "instructors": Array [
          "Derek C Schuurman",
        ],
        "letter": "A",
        "maxStudentHours": null,
        "meetings": Array [
          Object {
            "days": Array [
              "T",
            ],
            "duration": 50,
            "location": Object {
              "building": "SB",
              "roomNumber": "010",
            },
            "startTime": "3:05 PM",
          },
        ],
        "semesterLength": "Full",
        "studentHours": 0,
        "term": "FA",
        "year": "",
      },
      Object {
        "anticipatedSize": null,
        "comments": "",
        "day10Used": null,
        "deliveryMode": "",
        "facultyHours": 0.5,
        "instructionalMethod": "",
        "instructors": Array [
          "Derek C Schuurman",
        ],
        "letter": "A",
        "maxStudentHours": null,
        "meetings": Array [
          Object {
            "days": Array [
              "T",
            ],
            "duration": 50,
            "location": Object {
              "building": "SB",
              "roomNumber": "010",
            },
            "startTime": "3:05 PM",
          },
        ],
        "semesterLength": "Full",
        "studentHours": 0,
        "term": "SP",
        "year": "",
      },
    ],
  },
  Object {
    "courseLevel": "200",
    "department": "Computer Science",
    "group": "",
    "importRank": 0,
    "name": "Data Structures & Algorithms",
    "number": "212",
    "prefixes": Array [
      "CS",
    ],
    "sections": Array [
      Object {
        "anticipatedSize": null,
        "comments": "",
        "day10Used": null,
        "deliveryMode": "",
        "facultyHours": 4,
        "instructionalMethod": "",
        "instructors": Array [
          "Harry Plantinga",
        ],
        "letter": "A",
        "maxStudentHours": null,
        "meetings": Array [
          Object {
            "days": Array [
              "M",
              "W",
              "F",
            ],
            "duration": 65,
            "location": Object {
              "building": "SB",
              "roomNumber": "372",
            },
            "startTime": "8:00 AM",
          },
        ],
        "semesterLength": "Full",
        "studentHours": 4,
        "term": "FA",
        "year": "",
      },
      Object {
        "anticipatedSize": null,
        "comments": "",
        "day10Used": null,
        "deliveryMode": "",
        "facultyHours": 4,
        "instructionalMethod": "",
        "instructors": Array [
          "Harry Plantinga",
        ],
        "letter": "B",
        "maxStudentHours": null,
        "meetings": Array [
          Object {
            "days": Array [
              "M",
              "W",
              "F",
            ],
            "duration": 65,
            "location": Object {
              "building": "SB",
              "roomNumber": "372",
            },
            "startTime": "9:15 AM",
          },
        ],
        "semesterLength": "Full",
        "studentHours": 4,
        "term": "FA",
        "year": "",
      },
    ],
  },
  Object {
    "courseLevel": "200",
    "department": "Computer Science",
    "group": "",
    "importRank": 0,
    "name": "Programming Lang Concepts",
    "number": "214",
    "prefixes": Array [
      "CS",
    ],
    "sections": Array [
      Object {
        "anticipatedSize": null,
        "comments": "",
        "day10Used": null,
        "deliveryMode": "",
        "facultyHours": 4,
        "instructionalMethod": "",
        "instructors": Array [
          "Eric Araujo",
        ],
        "letter": "A",
        "maxStudentHours": null,
        "meetings": Array [
          Object {
            "days": Array [
              "M",
              "W",
            ],
            "duration": 65,
            "location": Object {
              "building": "SB",
              "roomNumber": "372",
            },
            "startTime": "2:45 PM",
          },
          Object {
            "days": Array [
              "F",
            ],
            "duration": 140,
            "location": Object {
              "building": "SB",
              "roomNumber": "354",
            },
            "startTime": "2:45 PM",
          },
        ],
        "semesterLength": "Full",
        "studentHours": 4,
        "term": "SP",
        "year": "",
      },
      Object {
        "anticipatedSize": null,
        "comments": "",
        "day10Used": null,
        "deliveryMode": "",
        "facultyHours": 4,
        "instructionalMethod": "",
        "instructors": Array [
          "David Meyer",
        ],
        "letter": "B",
        "maxStudentHours": null,
        "meetings": Array [
          Object {
            "days": Array [
              "F",
            ],
            "duration": 140,
            "location": Object {
              "building": "SB",
              "roomNumber": "372",
            },
            "startTime": "2:45 PM",
          },
          Object {
            "days": Array [
              "M",
              "W",
            ],
            "duration": 65,
            "location": Object {
              "building": "SB",
              "roomNumber": "372",
            },
            "startTime": "4:00 PM",
          },
        ],
        "semesterLength": "Full",
        "studentHours": 4,
        "term": "SP",
        "year": "",
      },
    ],
  },
  Object {
    "courseLevel": "200",
    "department": "Computer Science",
    "group": "",
    "importRank": 0,
    "name": "Operating Systems and Networki",
    "number": "232",
    "prefixes": Array [
      "CS",
    ],
    "sections": Array [
      Object {
        "anticipatedSize": null,
        "comments": "",
        "day10Used": null,
        "deliveryMode": "",
        "facultyHours": 4,
        "instructionalMethod": "",
        "instructors": Array [
          "Rocky Chang",
        ],
        "letter": "A",
        "maxStudentHours": null,
        "meetings": Array [
          Object {
            "days": Array [
              "M",
              "W",
              "F",
            ],
            "duration": 65,
            "location": Object {
              "building": "SB",
              "roomNumber": "372",
            },
            "startTime": "8:00 AM",
          },
        ],
        "semesterLength": "Full",
        "studentHours": 4,
        "term": "SP",
        "year": "",
      },
      Object {
        "anticipatedSize": null,
        "comments": "",
        "day10Used": null,
        "deliveryMode": "",
        "facultyHours": 4,
        "instructionalMethod": "",
        "instructors": Array [
          "Victor T. Norman",
        ],
        "letter": "B",
        "maxStudentHours": null,
        "meetings": Array [
          Object {
            "days": Array [
              "M",
              "W",
              "F",
            ],
            "duration": 65,
            "location": Object {
              "building": "SB",
              "roomNumber": "372",
            },
            "startTime": "9:15 AM",
          },
        ],
        "semesterLength": "Full",
        "studentHours": 4,
        "term": "SP",
        "year": "",
      },
    ],
  },
  Object {
    "courseLevel": "200",
    "department": "Computer Science",
    "group": "",
    "importRank": 0,
    "name": "Software Engineering",
    "number": "262",
    "prefixes": Array [
      "CS",
    ],
    "sections": Array [
      Object {
        "anticipatedSize": null,
        "comments": "",
        "day10Used": null,
        "deliveryMode": "",
        "facultyHours": 4,
        "instructionalMethod": "",
        "instructors": Array [
          "Keith VanderLinden",
        ],
        "letter": "A",
        "maxStudentHours": null,
        "meetings": Array [
          Object {
            "days": Array [
              "F",
            ],
            "duration": 140,
            "location": Object {
              "building": "SB",
              "roomNumber": "354",
            },
            "startTime": "1:30 PM",
          },
          Object {
            "days": Array [
              "M",
              "W",
            ],
            "duration": 65,
            "location": Object {
              "building": "SC",
              "roomNumber": "120",
            },
            "startTime": "1:30 PM",
          },
        ],
        "semesterLength": "Full",
        "studentHours": 4,
        "term": "FA",
        "year": "",
      },
      Object {
        "anticipatedSize": null,
        "comments": "",
        "day10Used": null,
        "deliveryMode": "",
        "facultyHours": 4,
        "instructionalMethod": "",
        "instructors": Array [
          "Victor T. Norman",
        ],
        "letter": "B",
        "maxStudentHours": null,
        "meetings": Array [
          Object {
            "days": Array [
              "M",
              "W",
            ],
            "duration": 65,
            "location": Object {
              "building": "SC",
              "roomNumber": "120",
            },
            "startTime": "2:45 PM",
          },
          Object {
            "days": Array [
              "F",
            ],
            "duration": 140,
            "location": Object {
              "building": "SB",
              "roomNumber": "337",
            },
            "startTime": "1:30 PM",
          },
        ],
        "semesterLength": "Full",
        "studentHours": 4,
        "term": "FA",
        "year": "",
      },
    ],
  },
  Object {
    "courseLevel": "200",
    "department": "Computer Science",
    "group": "",
    "importRank": 0,
    "name": "Computing Seminar",
    "number": "295",
    "prefixes": Array [
      "CS",
    ],
    "sections": Array [
      Object {
        "anticipatedSize": null,
        "comments": "",
        "day10Used": null,
        "deliveryMode": "",
        "facultyHours": 0.5,
        "instructionalMethod": "",
        "instructors": Array [
          "Derek C Schuurman",
        ],
        "letter": "A",
        "maxStudentHours": null,
        "meetings": Array [
          Object {
            "days": Array [
              "T",
            ],
            "duration": 50,
            "location": Object {
              "building": "SB",
              "roomNumber": "010",
            },
            "startTime": "3:05 PM",
          },
        ],
        "semesterLength": "Full",
        "studentHours": 0,
        "term": "FA",
        "year": "",
      },
      Object {
        "anticipatedSize": null,
        "comments": "",
        "day10Used": null,
        "deliveryMode": "",
        "facultyHours": 0.5,
        "instructionalMethod": "",
        "instructors": Array [
          "Derek C Schuurman",
        ],
        "letter": "A",
        "maxStudentHours": null,
        "meetings": Array [
          Object {
            "days": Array [
              "T",
            ],
            "duration": 50,
            "location": Object {
              "building": "SB",
              "roomNumber": "010",
            },
            "startTime": "3:05 PM",
          },
        ],
        "semesterLength": "Full",
        "studentHours": 0,
        "term": "SP",
        "year": "",
      },
    ],
  },
  Object {
    "courseLevel": "300",
    "department": "Computer Science",
    "group": "",
    "importRank": 0,
    "name": "Applied Machine Learning",
    "number": "300",
    "prefixes": Array [
      "CS",
    ],
    "sections": Array [
      Object {
        "anticipatedSize": null,
        "comments": "",
        "day10Used": null,
        "deliveryMode": "",
        "facultyHours": 2,
        "instructionalMethod": "",
        "instructors": Array [
          "Kenneth C Arnold",
        ],
        "letter": "A",
        "maxStudentHours": null,
        "meetings": Array [
          Object {
            "days": Array [
              "M",
              "W",
              "F",
            ],
            "duration": 65,
            "location": Object {
              "building": "SB",
              "roomNumber": "382",
            },
            "startTime": "11:00 AM",
          },
        ],
        "semesterLength": "First",
        "studentHours": 2,
        "term": "FA",
        "year": "",
      },
      Object {
        "anticipatedSize": null,
        "comments": "",
        "day10Used": null,
        "deliveryMode": "",
        "facultyHours": 4,
        "instructionalMethod": "",
        "instructors": Array [
          "Rocky Chang",
        ],
        "letter": "A",
        "maxStudentHours": null,
        "meetings": Array [
          Object {
            "days": Array [
              "M",
              "W",
              "F",
            ],
            "duration": 65,
            "location": Object {
              "building": "SB",
              "roomNumber": "382",
            },
            "startTime": "12:15 PM",
          },
        ],
        "semesterLength": "Full",
        "studentHours": 4,
        "term": "SP",
        "year": "",
      },
      Object {
        "anticipatedSize": null,
        "comments": "",
        "day10Used": null,
        "deliveryMode": "",
        "facultyHours": 2,
        "instructionalMethod": "",
        "instructors": Array [
          "Victor T. Norman",
        ],
        "letter": "B",
        "maxStudentHours": null,
        "meetings": Array [
          Object {
            "days": Array [
              "M",
              "W",
              "F",
            ],
            "duration": 65,
            "location": Object {
              "building": "SB",
              "roomNumber": "382",
            },
            "startTime": "11:00 AM",
          },
        ],
        "semesterLength": "Second",
        "studentHours": 2,
        "term": "FA",
        "year": "",
      },
    ],
  },
  Object {
    "courseLevel": "300",
    "department": "Computer Science",
    "group": "",
    "importRank": 0,
    "name": "Web Development",
    "number": "336",
    "prefixes": Array [
      "CS",
    ],
    "sections": Array [
      Object {
        "anticipatedSize": null,
        "comments": "",
        "day10Used": null,
        "deliveryMode": "",
        "facultyHours": 4,
        "instructionalMethod": "",
        "instructors": Array [
          "Victor T. Norman",
        ],
        "letter": "A",
        "maxStudentHours": null,
        "meetings": Array [
          Object {
            "days": Array [
              "M",
              "W",
              "F",
            ],
            "duration": 65,
            "location": Object {
              "building": "HH",
              "roomNumber": "336",
            },
            "startTime": "9:15 AM",
          },
        ],
        "semesterLength": "Full",
        "studentHours": 4,
        "term": "FA",
        "year": "",
      },
    ],
  },
  Object {
    "courseLevel": "300",
    "department": "Computer Science",
    "group": "",
    "importRank": 0,
    "name": "System Administration: Infrastructure",
    "number": "338",
    "prefixes": Array [
      "CS",
    ],
    "sections": Array [
      Object {
        "anticipatedSize": null,
        "comments": "",
        "day10Used": null,
        "deliveryMode": "",
        "facultyHours": 2,
        "instructionalMethod": "",
        "instructors": Array [
          "Christopher Wieringa",
        ],
        "letter": "A",
        "maxStudentHours": null,
        "meetings": Array [
          Object {
            "days": Array [
              "M",
              "W",
              "F",
            ],
            "duration": 65,
            "location": Object {
              "building": "SB",
              "roomNumber": "382",
            },
            "startTime": "8:00 AM",
          },
        ],
        "semesterLength": "First",
        "studentHours": 2,
        "term": "SP",
        "year": "",
      },
    ],
  },
  Object {
    "courseLevel": "300",
    "department": "Computer Science",
    "group": "",
    "importRank": 0,
    "name": "System Administration: Cloud Services",
    "number": "339",
    "prefixes": Array [
      "CS",
    ],
    "sections": Array [
      Object {
        "anticipatedSize": null,
        "comments": "",
        "day10Used": null,
        "deliveryMode": "",
        "facultyHours": 2,
        "instructionalMethod": "",
        "instructors": Array [
          "Christopher Wieringa",
        ],
        "letter": "A",
        "maxStudentHours": null,
        "meetings": Array [
          Object {
            "days": Array [
              "M",
              "W",
              "F",
            ],
            "duration": 65,
            "location": Object {
              "building": "SB",
              "roomNumber": "382",
            },
            "startTime": "8:00 AM",
          },
        ],
        "semesterLength": "Second",
        "studentHours": 2,
        "term": "SP",
        "year": "",
      },
    ],
  },
  Object {
    "courseLevel": "300",
    "department": "Computer Science",
    "group": "",
    "importRank": 0,
    "name": "Database Management Systems",
    "number": "354",
    "prefixes": Array [
      "CS",
    ],
    "sections": Array [
      Object {
        "anticipatedSize": null,
        "comments": "",
        "day10Used": null,
        "deliveryMode": "",
        "facultyHours": 2,
        "instructionalMethod": "",
        "instructors": Array [
          "Eric Araujo",
        ],
        "letter": "A",
        "maxStudentHours": null,
        "meetings": Array [
          Object {
            "days": Array [
              "M",
              "W",
              "F",
            ],
            "duration": 65,
            "location": Object {
              "building": "SB",
              "roomNumber": "382",
            },
            "startTime": "9:15 AM",
          },
        ],
        "semesterLength": "Second",
        "studentHours": 2,
        "term": "SP",
        "year": "",
      },
    ],
  },
  Object {
    "courseLevel": "300",
    "department": "Computer Science",
    "group": "",
    "importRank": 0,
    "name": "Computer Security",
    "number": "364",
    "prefixes": Array [
      "CS",
    ],
    "sections": Array [
      Object {
        "anticipatedSize": null,
        "comments": "",
        "day10Used": null,
        "deliveryMode": "",
        "facultyHours": 4,
        "instructionalMethod": "",
        "instructors": Array [
          "Brian D Paige",
          "Adam Vedra",
        ],
        "letter": "A",
        "maxStudentHours": null,
        "meetings": Array [
          Object {
            "days": Array [
              "M",
              "TH",
            ],
            "duration": 100,
            "location": Object {
              "building": "SB",
              "roomNumber": "372",
            },
            "startTime": "7:00 PM",
          },
        ],
        "semesterLength": "Full",
        "studentHours": 4,
        "term": "FA",
        "year": "",
      },
    ],
  },
  Object {
    "courseLevel": "300",
    "department": "Computer Science",
    "group": "",
    "importRank": 0,
    "name": "Computer Graphics",
    "number": "372",
    "prefixes": Array [
      "CS",
    ],
    "sections": Array [
      Object {
        "anticipatedSize": null,
        "comments": "",
        "day10Used": null,
        "deliveryMode": "",
        "facultyHours": 2,
        "instructionalMethod": "",
        "instructors": Array [
          "Harry Plantinga",
        ],
        "letter": "A",
        "maxStudentHours": null,
        "meetings": Array [
          Object {
            "days": Array [
              "M",
              "W",
              "F",
            ],
            "duration": 65,
            "location": Object {
              "building": "SB",
              "roomNumber": "382",
            },
            "startTime": "9:15 AM",
          },
        ],
        "semesterLength": "First",
        "studentHours": 2,
        "term": "SP",
        "year": "",
      },
    ],
  },
  Object {
    "courseLevel": "300",
    "department": "Computer Science",
    "group": "",
    "importRank": 0,
    "name": "High Performance Computing",
    "number": "374",
    "prefixes": Array [
      "CS",
    ],
    "sections": Array [
      Object {
        "anticipatedSize": null,
        "comments": "",
        "day10Used": null,
        "deliveryMode": "",
        "facultyHours": 2,
        "instructionalMethod": "",
        "instructors": Array [
          "Joel Adams",
        ],
        "letter": "A",
        "maxStudentHours": null,
        "meetings": Array [
          Object {
            "days": Array [
              "M",
              "W",
              "F",
            ],
            "duration": 65,
            "location": Object {
              "building": "SB",
              "roomNumber": "382",
            },
            "startTime": "2:45 PM",
          },
        ],
        "semesterLength": "Second",
        "studentHours": 2,
        "term": "FA",
        "year": "",
      },
    ],
  },
  Object {
    "courseLevel": "300",
    "department": "Computer Science",
    "group": "",
    "importRank": 0,
    "name": "Artificial Intelligence",
    "number": "375",
    "prefixes": Array [
      "CS",
    ],
    "sections": Array [
      Object {
        "anticipatedSize": null,
        "comments": "",
        "day10Used": null,
        "deliveryMode": "",
        "facultyHours": 2,
        "instructionalMethod": "",
        "instructors": Array [
          "Kenneth C Arnold",
        ],
        "letter": "A",
        "maxStudentHours": null,
        "meetings": Array [
          Object {
            "days": Array [
              "M",
              "W",
              "F",
            ],
            "duration": 65,
            "location": Object {
              "building": "SB",
              "roomNumber": "382",
            },
            "startTime": "11:00 AM",
          },
        ],
        "semesterLength": "First",
        "studentHours": 2,
        "term": "SP",
        "year": "",
      },
    ],
  },
  Object {
    "courseLevel": "300",
    "department": "Computer Science",
    "group": "",
    "importRank": 0,
    "name": "Machine Learning",
    "number": "376",
    "prefixes": Array [
      "CS",
    ],
    "sections": Array [
      Object {
        "anticipatedSize": null,
        "comments": "",
        "day10Used": null,
        "deliveryMode": "",
        "facultyHours": 2,
        "instructionalMethod": "",
        "instructors": Array [
          "Kenneth C Arnold",
        ],
        "letter": "A",
        "maxStudentHours": null,
        "meetings": Array [
          Object {
            "days": Array [
              "M",
              "W",
              "F",
            ],
            "duration": 65,
            "location": Object {
              "building": "SB",
              "roomNumber": "382",
            },
            "startTime": "11:00 AM",
          },
        ],
        "semesterLength": "Second",
        "studentHours": 2,
        "term": "SP",
        "year": "",
      },
    ],
  },
  Object {
    "courseLevel": "300",
    "department": "Computer Science",
    "group": "",
    "importRank": 0,
    "name": "Senior Internship in Computing",
    "number": "383",
    "prefixes": Array [
      "CS",
    ],
    "sections": Array [
      Object {
        "anticipatedSize": null,
        "comments": "",
        "day10Used": null,
        "deliveryMode": "",
        "facultyHours": 0,
        "instructionalMethod": "",
        "instructors": Array [
          "Derek C Schuurman",
        ],
        "letter": "A",
        "maxStudentHours": null,
        "meetings": Array [
          Object {
            "days": Array [
              "TH",
            ],
            "duration": 50,
            "location": Object {
              "building": "SB",
              "roomNumber": "382",
            },
            "startTime": "7:00 PM",
          },
        ],
        "semesterLength": "Full",
        "studentHours": 1,
        "term": "FA",
        "year": "",
      },
      Object {
        "anticipatedSize": null,
        "comments": "",
        "day10Used": null,
        "deliveryMode": "",
        "facultyHours": 0,
        "instructionalMethod": "",
        "instructors": Array [
          "Derek C Schuurman",
        ],
        "letter": "A",
        "maxStudentHours": null,
        "meetings": Array [
          Object {
            "days": Array [
              "TH",
            ],
            "duration": 50,
            "location": Object {
              "building": "SB",
              "roomNumber": "382",
            },
            "startTime": "7:00 PM",
          },
        ],
        "semesterLength": "Full",
        "studentHours": 1,
        "term": "SP",
        "year": "",
      },
    ],
  },
  Object {
    "courseLevel": "300",
    "department": "Computer Science",
    "group": "",
    "importRank": 0,
    "name": "Perspectives on Computing",
    "number": "384",
    "prefixes": Array [
      "CS",
    ],
    "sections": Array [
      Object {
        "anticipatedSize": null,
        "comments": "",
        "day10Used": null,
        "deliveryMode": "",
        "facultyHours": 4,
        "instructionalMethod": "",
        "instructors": Array [
          "Derek C Schuurman",
        ],
        "letter": "A",
        "maxStudentHours": null,
        "meetings": Array [
          Object {
            "days": Array [
              "T",
              "TH",
            ],
            "duration": 100,
            "location": Object {
              "building": "HH",
              "roomNumber": "336",
            },
            "startTime": "10:20 AM",
          },
        ],
        "semesterLength": "Full",
        "studentHours": 4,
        "term": "SP",
        "year": "",
      },
      Object {
        "anticipatedSize": null,
        "comments": "",
        "day10Used": null,
        "deliveryMode": "",
        "facultyHours": 4,
        "instructionalMethod": "",
        "instructors": Array [
          "Derek C Schuurman",
        ],
        "letter": "B",
        "maxStudentHours": null,
        "meetings": Array [
          Object {
            "days": Array [
              "T",
              "TH",
            ],
            "duration": 100,
            "location": Object {
              "building": "HH",
              "roomNumber": "336",
            },
            "startTime": "12:15 PM",
          },
        ],
        "semesterLength": "Full",
        "studentHours": 4,
        "term": "SP",
        "year": "",
      },
    ],
  },
  Object {
    "courseLevel": "300",
    "department": "Computer Science",
    "group": "",
    "importRank": 0,
    "name": "Senior Project in Computing I",
    "number": "396",
    "prefixes": Array [
      "CS",
    ],
    "sections": Array [
      Object {
        "anticipatedSize": null,
        "comments": "",
        "day10Used": null,
        "deliveryMode": "",
        "facultyHours": 0.25,
        "instructionalMethod": "",
        "instructors": Array [
          "Kenneth C Arnold",
        ],
        "letter": "A",
        "maxStudentHours": null,
        "meetings": Array [
          Object {
            "days": Array [
              "T",
            ],
            "duration": 50,
            "location": Object {
              "building": "SB",
              "roomNumber": "382",
            },
            "startTime": "7:00 PM",
          },
        ],
        "semesterLength": "Full",
        "studentHours": 2,
        "term": "FA",
        "year": "",
      },
    ],
  },
  Object {
    "courseLevel": "300",
    "department": "Computer Science",
    "group": "",
    "importRank": 0,
    "name": "Senior Project in Computing II",
    "number": "398",
    "prefixes": Array [
      "CS",
    ],
    "sections": Array [
      Object {
        "anticipatedSize": null,
        "comments": "",
        "day10Used": null,
        "deliveryMode": "",
        "facultyHours": 0.25,
        "instructionalMethod": "",
        "instructors": Array [
          "Kenneth C Arnold",
        ],
        "letter": "A",
        "maxStudentHours": null,
        "meetings": Array [
          Object {
            "days": Array [
              "T",
            ],
            "duration": 50,
            "location": Object {
              "building": "SB",
              "roomNumber": "382",
            },
            "startTime": "7:00 PM",
          },
        ],
        "semesterLength": "Full",
        "studentHours": 2,
        "term": "SP",
        "year": "",
      },
    ],
  },
  Object {
    "courseLevel": "100",
    "department": "Computer Science",
    "group": "",
    "importRank": 0,
    "name": "Foundations of Data Science and Analytics",
    "number": "102",
    "prefixes": Array [
      "DATA",
    ],
    "sections": Array [
      Object {
        "anticipatedSize": null,
        "comments": "",
        "day10Used": null,
        "deliveryMode": "",
        "facultyHours": 2,
        "instructionalMethod": "",
        "instructors": Array [
          "Jim Momeyer",
        ],
        "letter": "A",
        "maxStudentHours": null,
        "meetings": Array [
          Object {
            "days": Array [
              "T",
              "TH",
            ],
            "duration": 100,
            "location": Object {
              "building": "SB",
              "roomNumber": "354",
            },
            "startTime": "8:00 AM",
          },
        ],
        "semesterLength": "First",
        "studentHours": 2,
        "term": "FA",
        "year": "",
      },
      Object {
        "anticipatedSize": null,
        "comments": "Monica is busy with ENGR labs all day Thursday.
Set as on-hold? we may not have the enrollment.",
        "day10Used": null,
        "deliveryMode": "",
        "facultyHours": 2,
        "instructionalMethod": "",
        "instructors": Array [
          "Fernando Pasquini Santos",
        ],
        "letter": "A",
        "maxStudentHours": null,
        "meetings": Array [
          Object {
            "days": Array [
              "M",
              "W",
              "F",
            ],
            "duration": 65,
            "location": Object {
              "building": "SB",
              "roomNumber": "354",
            },
            "startTime": "9:15 AM",
          },
        ],
        "semesterLength": "First",
        "studentHours": 2,
        "term": "SP",
        "year": "",
      },
      Object {
        "anticipatedSize": null,
        "comments": "",
        "day10Used": null,
        "deliveryMode": "",
        "facultyHours": 2,
        "instructionalMethod": "",
        "instructors": Array [
          "Cancelled-DATA",
        ],
        "letter": "B",
        "maxStudentHours": null,
        "meetings": Array [
          Object {
            "days": Array [
              "T",
              "TH",
            ],
            "duration": 100,
            "location": Object {
              "building": "SB",
              "roomNumber": "354",
            },
            "startTime": "12:15 PM",
          },
        ],
        "semesterLength": "First",
        "studentHours": 2,
        "term": "FA",
        "year": "",
      },
      Object {
        "anticipatedSize": null,
        "comments": "",
        "day10Used": null,
        "deliveryMode": "",
        "facultyHours": 2,
        "instructionalMethod": "",
        "instructors": Array [
          "Cancelled-DATA",
        ],
        "letter": "B",
        "maxStudentHours": null,
        "meetings": Array [
          Object {
            "days": Array [
              "T",
              "TH",
            ],
            "duration": 100,
            "location": Object {
              "building": "SB",
              "roomNumber": "354",
            },
            "startTime": "12:15 PM",
          },
        ],
        "semesterLength": "First",
        "studentHours": 2,
        "term": "SP",
        "year": "",
      },
      Object {
        "anticipatedSize": null,
        "comments": "",
        "day10Used": null,
        "deliveryMode": "",
        "facultyHours": 2,
        "instructionalMethod": "",
        "instructors": Array [
          "Cancelled-DATA",
        ],
        "letter": "C",
        "maxStudentHours": null,
        "meetings": Array [
          Object {
            "days": Array [
              "T",
              "TH",
            ],
            "duration": 100,
            "location": Object {
              "building": "SB",
              "roomNumber": "354",
            },
            "startTime": "2:10 PM",
          },
        ],
        "semesterLength": "First",
        "studentHours": 2,
        "term": "FA",
        "year": "",
      },
      Object {
        "anticipatedSize": null,
        "comments": "",
        "day10Used": null,
        "deliveryMode": "",
        "facultyHours": 2,
        "instructionalMethod": "",
        "instructors": Array [
          "Cancelled-DATA",
        ],
        "letter": "C",
        "maxStudentHours": null,
        "meetings": Array [
          Object {
            "days": Array [
              "T",
              "TH",
            ],
            "duration": 100,
            "location": Object {
              "building": "SB",
              "roomNumber": "354",
            },
            "startTime": "2:10 PM",
          },
        ],
        "semesterLength": "First",
        "studentHours": 2,
        "term": "SP",
        "year": "",
      },
      Object {
        "anticipatedSize": null,
        "comments": "",
        "day10Used": null,
        "deliveryMode": "",
        "facultyHours": 2,
        "instructionalMethod": "",
        "instructors": Array [
          "Jim Momeyer",
        ],
        "letter": "D",
        "maxStudentHours": null,
        "meetings": Array [
          Object {
            "days": Array [
              "T",
              "TH",
            ],
            "duration": 100,
            "location": Object {
              "building": "SB",
              "roomNumber": "354",
            },
            "startTime": "7:00 PM",
          },
        ],
        "semesterLength": "First",
        "studentHours": 2,
        "term": "FA",
        "year": "",
      },
      Object {
        "anticipatedSize": null,
        "comments": "",
        "day10Used": null,
        "deliveryMode": "",
        "facultyHours": 2,
        "instructionalMethod": "",
        "instructors": Array [
          "Jim Momeyer",
        ],
        "letter": "D",
        "maxStudentHours": null,
        "meetings": Array [
          Object {
            "days": Array [
              "T",
              "TH",
            ],
            "duration": 100,
            "location": Object {
              "building": "SB",
              "roomNumber": "354",
            },
            "startTime": "7:00 PM",
          },
        ],
        "semesterLength": "First",
        "studentHours": 2,
        "term": "SP",
        "year": "",
      },
      Object {
        "anticipatedSize": null,
        "comments": "",
        "day10Used": null,
        "deliveryMode": "",
        "facultyHours": 2,
        "instructionalMethod": "",
        "instructors": Array [
          "Jim Momeyer",
        ],
        "letter": "E",
        "maxStudentHours": null,
        "meetings": Array [
          Object {
            "days": Array [
              "T",
              "TH",
            ],
            "duration": 100,
            "location": Object {
              "building": "SB",
              "roomNumber": "354",
            },
            "startTime": "8:00 AM",
          },
        ],
        "semesterLength": "Second",
        "studentHours": 2,
        "term": "FA",
        "year": "",
      },
      Object {
        "anticipatedSize": null,
        "comments": "Monica is busy with ENGR labs all day Thursday.
Set as on-hold? we may not have the enrollment.",
        "day10Used": null,
        "deliveryMode": "",
        "facultyHours": 2,
        "instructionalMethod": "",
        "instructors": Array [
          "Fernando Pasquini Santos",
        ],
        "letter": "E",
        "maxStudentHours": null,
        "meetings": Array [
          Object {
            "days": Array [
              "M",
              "W",
              "F",
            ],
            "duration": 65,
            "location": Object {
              "building": "SB",
              "roomNumber": "354",
            },
            "startTime": "9:15 AM",
          },
        ],
        "semesterLength": "Second",
        "studentHours": 2,
        "term": "SP",
        "year": "",
      },
      Object {
        "anticipatedSize": null,
        "comments": "",
        "day10Used": null,
        "deliveryMode": "",
        "facultyHours": 2,
        "instructionalMethod": "",
        "instructors": Array [
          "Cancelled-DATA",
        ],
        "letter": "F",
        "maxStudentHours": null,
        "meetings": Array [
          Object {
            "days": Array [
              "T",
              "TH",
            ],
            "duration": 100,
            "location": Object {
              "building": "SB",
              "roomNumber": "354",
            },
            "startTime": "12:15 PM",
          },
        ],
        "semesterLength": "Second",
        "studentHours": 2,
        "term": "FA",
        "year": "",
      },
      Object {
        "anticipatedSize": null,
        "comments": "",
        "day10Used": null,
        "deliveryMode": "",
        "facultyHours": 2,
        "instructionalMethod": "",
        "instructors": Array [
          "Cancelled-DATA",
        ],
        "letter": "F",
        "maxStudentHours": null,
        "meetings": Array [
          Object {
            "days": Array [
              "T",
              "TH",
            ],
            "duration": 100,
            "location": Object {
              "building": "SB",
              "roomNumber": "354",
            },
            "startTime": "12:15 PM",
          },
        ],
        "semesterLength": "Second",
        "studentHours": 2,
        "term": "SP",
        "year": "",
      },
      Object {
        "anticipatedSize": null,
        "comments": "",
        "day10Used": null,
        "deliveryMode": "",
        "facultyHours": 2,
        "instructionalMethod": "",
        "instructors": Array [
          "Cancelled-DATA",
        ],
        "letter": "G",
        "maxStudentHours": null,
        "meetings": Array [
          Object {
            "days": Array [
              "T",
              "TH",
            ],
            "duration": 100,
            "location": Object {
              "building": "SB",
              "roomNumber": "354",
            },
            "startTime": "2:10 PM",
          },
        ],
        "semesterLength": "Second",
        "studentHours": 2,
        "term": "FA",
        "year": "",
      },
      Object {
        "anticipatedSize": null,
        "comments": "",
        "day10Used": null,
        "deliveryMode": "",
        "facultyHours": 2,
        "instructionalMethod": "",
        "instructors": Array [
          "Cancelled-DATA",
        ],
        "letter": "G",
        "maxStudentHours": null,
        "meetings": Array [
          Object {
            "days": Array [
              "T",
              "TH",
            ],
            "duration": 100,
            "location": Object {
              "building": "SB",
              "roomNumber": "354",
            },
            "startTime": "2:10 PM",
          },
        ],
        "semesterLength": "Second",
        "studentHours": 2,
        "term": "SP",
        "year": "",
      },
      Object {
        "anticipatedSize": null,
        "comments": "",
        "day10Used": null,
        "deliveryMode": "",
        "facultyHours": 2,
        "instructionalMethod": "",
        "instructors": Array [
          "Jim Momeyer",
        ],
        "letter": "H",
        "maxStudentHours": null,
        "meetings": Array [
          Object {
            "days": Array [
              "T",
              "TH",
            ],
            "duration": 100,
            "location": Object {
              "building": "SB",
              "roomNumber": "354",
            },
            "startTime": "7:00 PM",
          },
        ],
        "semesterLength": "Second",
        "studentHours": 2,
        "term": "FA",
        "year": "",
      },
      Object {
        "anticipatedSize": null,
        "comments": "",
        "day10Used": null,
        "deliveryMode": "",
        "facultyHours": 2,
        "instructionalMethod": "",
        "instructors": Array [
          "Jim Momeyer",
        ],
        "letter": "H",
        "maxStudentHours": null,
        "meetings": Array [
          Object {
            "days": Array [
              "T",
              "TH",
            ],
            "duration": 100,
            "location": Object {
              "building": "SB",
              "roomNumber": "354",
            },
            "startTime": "7:00 PM",
          },
        ],
        "semesterLength": "Second",
        "studentHours": 2,
        "term": "SP",
        "year": "",
      },
    ],
  },
  Object {
    "courseLevel": "200",
    "department": "Computer Science",
    "group": "",
    "importRank": 0,
    "name": "Predictive Analytics",
    "number": "202",
    "prefixes": Array [
      "DATA",
    ],
    "sections": Array [
      Object {
        "anticipatedSize": null,
        "comments": "",
        "day10Used": null,
        "deliveryMode": "",
        "facultyHours": 4,
        "instructionalMethod": "",
        "instructors": Array [
          "Fernando Pasquini Santos",
        ],
        "letter": "A",
        "maxStudentHours": null,
        "meetings": Array [
          Object {
            "days": Array [
              "M",
              "W",
              "F",
            ],
            "duration": 65,
            "location": Object {
              "building": "SB",
              "roomNumber": "382",
            },
            "startTime": "8:00 AM",
          },
        ],
        "semesterLength": "Full",
        "studentHours": 4,
        "term": "FA",
        "year": "",
      },
      Object {
        "anticipatedSize": null,
        "comments": "",
        "day10Used": null,
        "deliveryMode": "",
        "facultyHours": 4,
        "instructionalMethod": "",
        "instructors": Array [
          "Fernando Pasquini Santos",
        ],
        "letter": "B",
        "maxStudentHours": null,
        "meetings": Array [
          Object {
            "days": Array [
              "M",
              "W",
              "F",
            ],
            "duration": 65,
            "location": Object {
              "building": "SB",
              "roomNumber": "382",
            },
            "startTime": "9:15 AM",
          },
        ],
        "semesterLength": "Full",
        "studentHours": 4,
        "term": "FA",
        "year": "",
      },
    ],
  },
  Object {
    "courseLevel": "300",
    "department": "Computer Science",
    "group": "",
    "importRank": 0,
    "name": "Senior Project in Data Science",
    "number": "396",
    "prefixes": Array [
      "DATA",
    ],
    "sections": Array [
      Object {
        "anticipatedSize": null,
        "comments": "",
        "day10Used": null,
        "deliveryMode": "",
        "facultyHours": 0.25,
        "instructionalMethod": "",
        "instructors": Array [
          "Kenneth C Arnold",
        ],
        "letter": "A",
        "maxStudentHours": null,
        "meetings": Array [
          Object {
            "days": Array [
              "T",
            ],
            "duration": 50,
            "location": Object {
              "building": "SB",
              "roomNumber": "382",
            },
            "startTime": "7:00 PM",
          },
        ],
        "semesterLength": "Full",
        "studentHours": 2,
        "term": "FA",
        "year": "",
      },
    ],
  },
  Object {
    "courseLevel": "300",
    "department": "Computer Science",
    "group": "",
    "importRank": 0,
    "name": "Senior Project in Data Science II",
    "number": "398",
    "prefixes": Array [
      "DATA",
    ],
    "sections": Array [
      Object {
        "anticipatedSize": null,
        "comments": "",
        "day10Used": null,
        "deliveryMode": "",
        "facultyHours": 0.25,
        "instructionalMethod": "",
        "instructors": Array [
          "Kenneth C Arnold",
        ],
        "letter": "A",
        "maxStudentHours": null,
        "meetings": Array [
          Object {
            "days": Array [
              "T",
            ],
            "duration": 50,
            "location": Object {
              "building": "SB",
              "roomNumber": "382",
            },
            "startTime": "7:00 PM",
          },
        ],
        "semesterLength": "Full",
        "studentHours": 2,
        "term": "SP",
        "year": "",
      },
    ],
  },
  Object {
    "courseLevel": "500",
    "department": "Computer Science",
    "group": "",
    "importRank": 0,
    "name": "Data Wrangling",
    "number": "501",
    "prefixes": Array [
      "DATA",
    ],
    "sections": Array [
      Object {
        "anticipatedSize": null,
        "comments": "",
        "day10Used": null,
        "deliveryMode": "",
        "facultyHours": 2,
        "instructionalMethod": "",
        "instructors": Array [
          "Cancelled-MDS",
        ],
        "letter": "A",
        "maxStudentHours": null,
        "meetings": Array [],
        "semesterLength": "First",
        "studentHours": 2,
        "term": "FA",
        "year": "",
      },
    ],
  },
  Object {
    "courseLevel": "500",
    "department": "Computer Science",
    "group": "",
    "importRank": 0,
    "name": "Introduction to Machine Learning",
    "number": "502",
    "prefixes": Array [
      "DATA",
    ],
    "sections": Array [
      Object {
        "anticipatedSize": null,
        "comments": "",
        "day10Used": null,
        "deliveryMode": "",
        "facultyHours": 2,
        "instructionalMethod": "",
        "instructors": Array [
          "Cancelled-MDS",
        ],
        "letter": "A",
        "maxStudentHours": null,
        "meetings": Array [],
        "semesterLength": "Second",
        "studentHours": 2,
        "term": "FA",
        "year": "",
      },
    ],
  },
  Object {
    "courseLevel": "500",
    "department": "Computer Science",
    "group": "",
    "importRank": 0,
    "name": "Visualization for Data Science",
    "number": "504",
    "prefixes": Array [
      "DATA",
    ],
    "sections": Array [
      Object {
        "anticipatedSize": null,
        "comments": "",
        "day10Used": null,
        "deliveryMode": "",
        "facultyHours": 2,
        "instructionalMethod": "",
        "instructors": Array [
          "Cancelled-MDS",
        ],
        "letter": "A",
        "maxStudentHours": null,
        "meetings": Array [],
        "semesterLength": "First",
        "studentHours": 2,
        "term": "SU",
        "year": "",
      },
    ],
  },
  Object {
    "courseLevel": "500",
    "department": "Computer Science",
    "group": "",
    "importRank": 0,
    "name": "Ethics for Data Science",
    "number": "510",
    "prefixes": Array [
      "DATA",
    ],
    "sections": Array [
      Object {
        "anticipatedSize": null,
        "comments": "",
        "day10Used": null,
        "deliveryMode": "",
        "facultyHours": 2,
        "instructionalMethod": "",
        "instructors": Array [
          "Cancelled-MDS",
        ],
        "letter": "A",
        "maxStudentHours": null,
        "meetings": Array [],
        "semesterLength": "First",
        "studentHours": 2,
        "term": "SP",
        "year": "",
      },
    ],
  },
  Object {
    "courseLevel": "500",
    "department": "Computer Science",
    "group": "",
    "importRank": 0,
    "name": "Administering Cloud Services",
    "number": "539",
    "prefixes": Array [
      "DATA",
    ],
    "sections": Array [
      Object {
        "anticipatedSize": null,
        "comments": "",
        "day10Used": null,
        "deliveryMode": "",
        "facultyHours": 2,
        "instructionalMethod": "",
        "instructors": Array [
          "Cancelled-MDS",
        ],
        "letter": "A",
        "maxStudentHours": null,
        "meetings": Array [],
        "semesterLength": "Second",
        "studentHours": 2,
        "term": "SU",
        "year": "",
      },
    ],
  },
  Object {
    "courseLevel": "500",
    "department": "Computer Science",
    "group": "",
    "importRank": 0,
    "name": "Systems Engineering for Data Science",
    "number": "562",
    "prefixes": Array [
      "DATA",
    ],
    "sections": Array [
      Object {
        "anticipatedSize": null,
        "comments": "",
        "day10Used": null,
        "deliveryMode": "",
        "facultyHours": 4,
        "instructionalMethod": "",
        "instructors": Array [
          "Cancelled-MDS",
        ],
        "letter": "A",
        "maxStudentHours": null,
        "meetings": Array [],
        "semesterLength": "Full",
        "studentHours": 4,
        "term": "SP",
        "year": "",
      },
    ],
  },
  Object {
    "courseLevel": "600",
    "department": "Computer Science",
    "group": "",
    "importRank": 0,
    "name": "Database Management Systems",
    "number": "654",
    "prefixes": Array [
      "DATA",
    ],
    "sections": Array [
      Object {
        "anticipatedSize": null,
        "comments": "",
        "day10Used": null,
        "deliveryMode": "",
        "facultyHours": 2,
        "instructionalMethod": "",
        "instructors": Array [
          "Cancelled-MDS",
        ],
        "letter": "A",
        "maxStudentHours": null,
        "meetings": Array [],
        "semesterLength": "Second",
        "studentHours": 2,
        "term": "SU",
        "year": "",
      },
    ],
  },
  Object {
    "courseLevel": "600",
    "department": "Computer Science",
    "group": "",
    "importRank": 0,
    "name": "Introduction to Deep Learning",
    "number": "675",
    "prefixes": Array [
      "DATA",
    ],
    "sections": Array [
      Object {
        "anticipatedSize": null,
        "comments": "",
        "day10Used": null,
        "deliveryMode": "",
        "facultyHours": 2,
        "instructionalMethod": "",
        "instructors": Array [
          "Cancelled-MDS",
        ],
        "letter": "A",
        "maxStudentHours": null,
        "meetings": Array [],
        "semesterLength": "Second",
        "studentHours": 2,
        "term": "SP",
        "year": "",
      },
    ],
  },
  Object {
    "courseLevel": "600",
    "department": "Computer Science",
    "group": "",
    "importRank": 0,
    "name": "Deep Learning for Text and Generative Models",
    "number": "676",
    "prefixes": Array [
      "DATA",
    ],
    "sections": Array [
      Object {
        "anticipatedSize": null,
        "comments": "",
        "day10Used": null,
        "deliveryMode": "",
        "facultyHours": 2,
        "instructionalMethod": "",
        "instructors": Array [
          "Cancelled-MDS",
        ],
        "letter": "A",
        "maxStudentHours": null,
        "meetings": Array [],
        "semesterLength": "First",
        "studentHours": 2,
        "term": "SU",
        "year": "",
      },
    ],
  },
  Object {
    "courseLevel": "600",
    "department": "Computer Science",
    "group": "",
    "importRank": 0,
    "name": "Project in Data Science",
    "number": "696",
    "prefixes": Array [
      "DATA",
    ],
    "sections": Array [
      Object {
        "anticipatedSize": null,
        "comments": "",
        "day10Used": null,
        "deliveryMode": "",
        "facultyHours": 2,
        "instructionalMethod": "",
        "instructors": Array [
          "Cancelled-MDS",
        ],
        "letter": "A",
        "maxStudentHours": null,
        "meetings": Array [],
        "semesterLength": "Full",
        "studentHours": 2,
        "term": "SU",
        "year": "",
      },
    ],
  },
  Object {
    "courseLevel": "600",
    "department": "Computer Science",
    "group": "",
    "importRank": 0,
    "name": "Project in Data Science",
    "number": "698",
    "prefixes": Array [
      "DATA",
    ],
    "sections": Array [
      Object {
        "anticipatedSize": null,
        "comments": "",
        "day10Used": null,
        "deliveryMode": "",
        "facultyHours": 2,
        "instructionalMethod": "",
        "instructors": Array [
          "Cancelled-MDS",
        ],
        "letter": "A",
        "maxStudentHours": null,
        "meetings": Array [],
        "semesterLength": "Second",
        "studentHours": 2,
        "term": "SU",
        "year": "",
      },
    ],
  },
  Object {
    "courseLevel": "200",
    "department": "Computer Science",
    "group": "",
    "importRank": 0,
    "name": "Agent Modeling",
    "number": "251",
    "prefixes": Array [
      "HNRS",
    ],
    "sections": Array [
      Object {
        "anticipatedSize": null,
        "comments": "",
        "day10Used": null,
        "deliveryMode": "",
        "facultyHours": 2,
        "instructionalMethod": "",
        "instructors": Array [
          "Eric Araujo",
        ],
        "letter": "A",
        "maxStudentHours": null,
        "meetings": Array [
          Object {
            "days": Array [
              "T",
              "TH",
            ],
            "duration": 65,
            "location": Object {
              "building": "HL",
              "roomNumber": "406C",
            },
            "startTime": "2:10 PM",
          },
        ],
        "semesterLength": "Full",
        "studentHours": 2,
        "term": "FA",
        "year": "",
      },
    ],
  },
  Object {
    "courseLevel": "300",
    "department": "Shadow",
    "group": "",
    "importRank": 0,
    "name": "Applied Machine Learning",
    "number": "300-S",
    "prefixes": Array [
      "CS",
    ],
    "sections": Array [
      Object {
        "anticipatedSize": null,
        "comments": "",
        "day10Used": null,
        "deliveryMode": "",
        "facultyHours": 0,
        "instructionalMethod": "",
        "instructors": Array [
          "Shadow-Gold",
        ],
        "letter": "A-S",
        "maxStudentHours": null,
        "meetings": Array [
          Object {
            "days": Array [
              "M",
              "W",
              "F",
            ],
            "duration": 65,
            "location": Object {
              "building": "SB",
              "roomNumber": "354",
            },
            "startTime": "11:00 AM",
          },
        ],
        "semesterLength": "First",
        "studentHours": 0,
        "term": "FA",
        "year": "",
      },
      Object {
        "anticipatedSize": null,
        "comments": "",
        "day10Used": null,
        "deliveryMode": "",
        "facultyHours": 0,
        "instructionalMethod": "",
        "instructors": Array [
          "Shadow-Gold",
        ],
        "letter": "A-S",
        "maxStudentHours": null,
        "meetings": Array [
          Object {
            "days": Array [
              "M",
              "W",
              "F",
            ],
            "duration": 65,
            "location": Object {
              "building": "SB",
              "roomNumber": "354",
            },
            "startTime": "12:15 PM",
          },
        ],
        "semesterLength": "Full",
        "studentHours": 0,
        "term": "SP",
        "year": "",
      },
      Object {
        "anticipatedSize": null,
        "comments": "",
        "day10Used": null,
        "deliveryMode": "",
        "facultyHours": 0,
        "instructionalMethod": "",
        "instructors": Array [
          "Shadow-Gold",
        ],
        "letter": "B-S",
        "maxStudentHours": null,
        "meetings": Array [
          Object {
            "days": Array [
              "M",
              "W",
              "F",
            ],
            "duration": 65,
            "location": Object {
              "building": "SB",
              "roomNumber": "354",
            },
            "startTime": "11:00 AM",
          },
        ],
        "semesterLength": "Second",
        "studentHours": 0,
        "term": "FA",
        "year": "",
      },
    ],
  },
  Object {
    "courseLevel": "300",
    "department": "Shadow",
    "group": "",
    "importRank": 0,
    "name": "System Administration: Infrastructure",
    "number": "338-S",
    "prefixes": Array [
      "CS",
    ],
    "sections": Array [
      Object {
        "anticipatedSize": null,
        "comments": "",
        "day10Used": null,
        "deliveryMode": "",
        "facultyHours": 0,
        "instructionalMethod": "",
        "instructors": Array [
          "Shadow-Gold",
        ],
        "letter": "A-S",
        "maxStudentHours": null,
        "meetings": Array [
          Object {
            "days": Array [
              "M",
              "W",
              "F",
            ],
            "duration": 65,
            "location": Object {
              "building": "SB",
              "roomNumber": "354",
            },
            "startTime": "8:00 AM",
          },
        ],
        "semesterLength": "First",
        "studentHours": 0,
        "term": "SP",
        "year": "",
      },
    ],
  },
  Object {
    "courseLevel": "300",
    "department": "Shadow",
    "group": "",
    "importRank": 0,
    "name": "System Administration: Cloud Services",
    "number": "339-S",
    "prefixes": Array [
      "CS",
    ],
    "sections": Array [
      Object {
        "anticipatedSize": null,
        "comments": "",
        "day10Used": null,
        "deliveryMode": "",
        "facultyHours": 0,
        "instructionalMethod": "",
        "instructors": Array [
          "Shadow-Gold",
        ],
        "letter": "A-S",
        "maxStudentHours": null,
        "meetings": Array [
          Object {
            "days": Array [
              "M",
              "W",
              "F",
            ],
            "duration": 65,
            "location": Object {
              "building": "SB",
              "roomNumber": "354",
            },
            "startTime": "8:00 AM",
          },
        ],
        "semesterLength": "Second",
        "studentHours": 0,
        "term": "SP",
        "year": "",
      },
    ],
  },
  Object {
    "courseLevel": "300",
    "department": "Shadow",
    "group": "",
    "importRank": 0,
    "name": "High-Performance Computing",
    "number": "374-S",
    "prefixes": Array [
      "CS",
    ],
    "sections": Array [
      Object {
        "anticipatedSize": null,
        "comments": "",
        "day10Used": null,
        "deliveryMode": "",
        "facultyHours": 2,
        "instructionalMethod": "",
        "instructors": Array [
          "Shadow-Gold",
        ],
        "letter": "A-S",
        "maxStudentHours": null,
        "meetings": Array [
          Object {
            "days": Array [
              "M",
              "W",
            ],
            "duration": 65,
            "location": Object {
              "building": "SB",
              "roomNumber": "354",
            },
            "startTime": "2:45 PM",
          },
        ],
        "semesterLength": "Second",
        "studentHours": 2,
        "term": "FA",
        "year": "",
      },
    ],
  },
  Object {
    "courseLevel": "300",
    "department": "Shadow",
    "group": "",
    "importRank": 0,
    "name": "Artificial Intelligence",
    "number": "375-S",
    "prefixes": Array [
      "CS",
    ],
    "sections": Array [
      Object {
        "anticipatedSize": null,
        "comments": "",
        "day10Used": null,
        "deliveryMode": "",
        "facultyHours": 0,
        "instructionalMethod": "",
        "instructors": Array [
          "Shadow-Gold",
        ],
        "letter": "A-S",
        "maxStudentHours": null,
        "meetings": Array [
          Object {
            "days": Array [
              "M",
              "W",
              "F",
            ],
            "duration": 65,
            "location": Object {
              "building": "SB",
              "roomNumber": "354",
            },
            "startTime": "11:00 AM",
          },
        ],
        "semesterLength": "First",
        "studentHours": 0,
        "term": "SP",
        "year": "",
      },
    ],
  },
  Object {
    "courseLevel": "300",
    "department": "Shadow",
    "group": "",
    "importRank": 0,
    "name": "Machine Learning",
    "number": "376-S",
    "prefixes": Array [
      "CS",
    ],
    "sections": Array [
      Object {
        "anticipatedSize": null,
        "comments": "",
        "day10Used": null,
        "deliveryMode": "",
        "facultyHours": 0,
        "instructionalMethod": "",
        "instructors": Array [
          "Shadow-Gold",
        ],
        "letter": "B-S",
        "maxStudentHours": null,
        "meetings": Array [
          Object {
            "days": Array [
              "M",
              "W",
              "F",
            ],
            "duration": 65,
            "location": Object {
              "building": "SB",
              "roomNumber": "354",
            },
            "startTime": "11:00 AM",
          },
        ],
        "semesterLength": "Second",
        "studentHours": 0,
        "term": "SP",
        "year": "",
      },
    ],
  },
  Object {
    "courseLevel": "200",
    "department": "Shadow",
    "group": "",
    "importRank": 0,
    "name": "Predictive Analytics",
    "number": "202-S",
    "prefixes": Array [
      "DATA",
    ],
    "sections": Array [
      Object {
        "anticipatedSize": null,
        "comments": "",
        "day10Used": null,
        "deliveryMode": "",
        "facultyHours": 0,
        "instructionalMethod": "",
        "instructors": Array [
          "Shadow-Maroon",
        ],
        "letter": "A-S",
        "maxStudentHours": null,
        "meetings": Array [
          Object {
            "days": Array [
              "M",
              "W",
              "F",
            ],
            "duration": 65,
            "location": Object {
              "building": "SB",
              "roomNumber": "354",
            },
            "startTime": "8:00 AM",
          },
        ],
        "semesterLength": "Full",
        "studentHours": 0,
        "term": "FA",
        "year": "",
      },
      Object {
        "anticipatedSize": null,
        "comments": "",
        "day10Used": null,
        "deliveryMode": "",
        "facultyHours": 0,
        "instructionalMethod": "",
        "instructors": Array [
          "Shadow-Maroon",
        ],
        "letter": "B-S",
        "maxStudentHours": null,
        "meetings": Array [
          Object {
            "days": Array [
              "M",
              "W",
              "F",
            ],
            "duration": 65,
            "location": Object {
              "building": "SB",
              "roomNumber": "354",
            },
            "startTime": "9:15 AM",
          },
        ],
        "semesterLength": "Full",
        "studentHours": 0,
        "term": "FA",
        "year": "",
      },
    ],
  },
]
`;
